### megadna D-06 fallback ladder (all attempts recorded; verdict evidence below) ###
# attempt 2a (pinned clone @ cb2f5ab4 only): FAIL — ModuleNotFoundError: No module named 'MEGABYTE_pytorch' (megaDNA/megadna.py:9 imports MEGABYTE_pytorch.MEGABYTE; the unpickle itself advanced past 'No module named megaDNA' — the clone provides the package)
# attempt 2b (clone + MEGABYTE_pytorch==0.2.1 from the repo's own requirements.txt): model LOADED (load_s=4.5, peak_vram_gb=0.58) but spike forward crashed on a spike-side bug (BatchEncoding is a UserDict, not dict — id extraction); fixed in spike_families.py
# attempt 2c (same env + fixed spike): result=OK — evidence below

### megadna D-06 fallback attempt 2c: pinned clone @ cb2f5ab + MEGABYTE_pytorch==0.2.1 + spike _forward_pass id-extraction fix ###
gpu_device=NVIDIA GB10
gpu_compute_capability=12.1
torch_version=2.11.0+cu130
===== spike megadna (fallback variant) =====
prerequisite=none beyond dnallm base (handler torch.loads megaDNA_phage_145M.pt with weights_only=False)
megadna_clone_commit=cb2f5ab4cc88dc0effe05c5f23358862c837014a (pinned + hash-verified)
02:57:13 - dnallm.utils.support - WARNING - Generation task does not require num_labels, but got 1. Setting to 0.
Fetching 3 files:   0%|          | 0/3 [00:00<?, ?it/s]Fetching 3 files: 100%|██████████| 3/3 [00:00<00:00, 1358.41it/s]
02:57:14 - dnallm.utils.support - INFO - Model files are stored in /home/forrest/.cache/huggingface/hub/models--lingxusb--megaDNA_updated/snapshots/ed298be539e1667b52a1181a6472528a34dd2ef9
02:57:14 - dnallm.utils.support - INFO - Using device: cuda
/home/forrest/miniconda3/envs/cuda130/lib/python3.13/contextlib.py:109: FutureWarning: `torch.backends.cuda.sdp_kernel()` is deprecated. In the future, this context manager will be removed. Please see `torch.nn.attention.sdpa_kernel()` for the new context manager, with updated signature.
  self.gen = func(*args, **kwds)
family=megadna
variant=lingxusb/megaDNA_updated
logits_shape=()
generate_s=0.0
generate_note=GENERATE_FAILED Traceback (most recent call last): File "/home/forrest/Github/DNALLM/scripts/feasibility/spike_families.py", line 348, in _notebook_generate output = engine.generate(["@", "ACGT"]) File "/home/forrest/Github/DNALLM/dnallm/inference/inference.py", line 1708, in generate input_ids = tokenizer(seq, return_tensors="pt").to(self.device)["input_ids"] ~~~~~~~~~^^^^^^^^^^^^^^^^^^^^^^^^^^ File "/tmp/feas-venv/lib/python3.13/site-packages/transformers/tokenization_utils_base.py", line 2513, in __call__ encodings = self._encode_plus( text=text, ...<4 lines>... **all_kwargs, ) File "/tmp/feas-venv/lib/pyt
disk_human=8.0K
megadna_clone_commit=cb2f5ab4cc88dc0effe05c5f23358862c837014a
load_s=4.7
forward_s=0.4
peak_vram_gb=0.79
disk_gb=0.00
result=OK

MEGADNA_ATTEMPT2C_EXIT=0
