### evo1 notebook-variant attempt ladder (togethercomputer/evo-1-131k-base; all attempts recorded) ###
# attempt 1 (transformers 5.18.0, NO flash-attn): FAIL — ImportError: This modeling file requires the following packages that were not found in your environment: flash_attn. Run 'pip install flash_attn' (transformers dynamic_module_utils check_imports on the trust_remote_code modeling file). load_s=1120.2s including the full cold download (~13GB safetensors in a 29.73GB repo). hf_revision=main (handler pin: evo.py:371 selects 1.1_fix only for dotted names — this repo id has no dot, so 'main'; snapshot 78c715ab81852e02ec3b1c7e795dc7250d8c7625). selected_config=evo-1-131k-base-noFA.yml
# attempt 2 (flash-attn 2.8.3.post1 sm_120 source build installed): FAIL — FileNotFoundError: .../transformers_modules/togethercomputer/evo_hyphen_1_hyphen_131k_hyphen_base/78c715ab.../positional_embeddings.py (attempt 1's failed check_imports left a partially-populated modules cache; snapshot itself HAS the file). load_s=4.6s warm
# attempt 3 (modules cache cleared): FAIL — AttributeError: 'RotaryEmbedding' object has no attribute 'pos_idx_in_fp32' at positional_embeddings.py:98 swap_mha_rope — the repo's remote code reads an attribute transformers 5.18 no longer has
# attempt 4 (transformers downgraded 5.18.0 -> 4.57.6): FAIL — identical AttributeError under 4.57.6; verified transformers==4.49.0 (dnallm's declared minimum, >=4.49) also has 0 occurrences of pos_idx_in_fp32 in modeling_rope.py → no transformers version in dnallm's supported span runs this remote code
# raw attempt-4 output below:

### evo1 attempt 4: flash-attn 2.8.3.post1 present, modules cache cleared, transformers downgraded 5.18.0 -> 4.57.6 in the throwaway venv (attempt 3 proved the remote code reads rotary_emb.pos_idx_in_fp32, removed in transformers 5.x) ###
gpu_device=NVIDIA GB10
gpu_compute_capability=12.1
torch_version=2.11.0+cu130
===== spike evo1 (notebook variant) =====
prerequisite=evo-model + stripedhyena installed in the throwaway venv only
hf_revision=main (auto-selected by the dnallm handler)
flash_attention_installed=True
selected_config=evo-1-131k-base.yml
03:17:40 - dnallm.utils.support - WARNING - Generation task does not require num_labels, but got 1. Setting to 0.
Fetching 21 files:   0%|          | 0/21 [00:00<?, ?it/s]Fetching 21 files: 100%|██████████| 21/21 [00:00<00:00, 3183.71it/s]
03:17:41 - dnallm.utils.support - INFO - Model files are stored in /home/forrest/.cache/huggingface/hub/models--togethercomputer--evo-1-131k-base/snapshots/78c715ab81852e02ec3b1c7e795dc7250d8c7625
family=evo1
variant=togethercomputer/evo-1-131k-base
hf_revision=main
load_s=5.6
forward_s=0.0
peak_vram_gb=0.00
disk_gb=0.00
result=FAIL
failure_text=get_block(config, layer_idx, flash_fft=self.flash_fft) for layer_idx in range(config.num_layers) ~~~~~~~~~^^^^^^^^^^^^^^^^^^^^^^^^^^^^^^^^^^^^^^^^^^^^^ File "/home/forrest/.cache/huggingface/modules/transformers_modules/togethercomputer/evo_hyphen_1_hyphen_131k_hyphen_base/78c715ab81852e02ec3b1c7e795dc7250d8c7625/model.py", line 323, in get_block return AttentionBlock(config, layer_idx) File "/home/forrest/.cache/huggingface/modules/transformers_modules/togethercomputer/evo_hyphen_1_hyphen_131k_hyphen_base/78c715ab81852e02ec3b1c7e795dc7250d8c7625/model.py", line 57, in __init__ swap_mha_rope( ~~~~~~~~~~~~~^ mha=self.inner_mha_cls, ^^^^^^^^^^^^^^^^^^^^^^^ kwargs_new_rope={'scaling_factor': config.get("rotary_emb_scaling_factor", 1.)}, ^^^^^^^^^^^^^^^^^^^^^^^^^^^^^^^^^^^^^^^^^^^^^^^^^^^^^^^^^^^^^^^^^^^^^^^^^^^^^^^^ ) ^ File "/home/forrest/.cache/huggingface/modules/transformers_modules/togethercomputer/evo_hyphen_1_hyphen_131k_hyphen_base/78c715ab81852e02ec3b1c7e795dc7250d8c7625/positional_embeddings.py", line 98, in swap_mha_rope pos_idx_in_fp32 = mha.rotary_emb.pos_idx_in_fp32, ^^^^^^^^^^^^^^^^^^^^^^^^^^^^^^ File "/tmp/feas-venv/lib/python3.13/site-packages/torch/nn/modules/module.py", line 1968, in __getattr__ raise AttributeError( f"'{type(self).__name__}' object has no attribute '{name}'" ) AttributeError: 'RotaryEmbedding' object has no attribute 'pos_idx_in_fp32'

failed_families=evo1
EVO1_ATTEMPT4_EXIT=1
