
### marimo flavor spot-check ###
gpu_device=NVIDIA GB10
gpu_compute_capability=12.1
torch_version=2.11.0+cu130
===== spike marimo (notebook variant) =====
prerequisite=marimo + notebook extras in the active venv; warm ModelScope cache for zhangtaolab/plant-dnamamba-BPE-open_chromatin
flavor_a_exit=0 export_s=40.0 timed_out=False artifact_bytes=90904
flavor_a_tail=| 0/201 [00:00<?, ?it/s] Loading weights: 100%|██████████| 201/201 [00:00<00:00, 13342.86it/s] 02:53:38 - dnallm.utils.support - INFO - Using device: cuda /home/forrest/miniconda3/envs/cuda130/lib/python3.13/multiprocessing/resource_tracker.py:479: UserWarning: resource_tracker: There appear to be 1 leaked semaphore objects to clean up at shutdown: {'/loky-884553-07rzclz2'} warnings.warn(
flavor_b_exit=0 script_s=10.0 timed_out=False ports_bound=none
flavor_b_tail=n_chromatin 02:53:53 - dnallm.utils.support - WARNING - AutoTokenizer failed for /home/forrest/.cache/modelscope/hub/models/zhangtaolab/plant-dnabert-BPE-open_chromatin; loaded fast tokenizer from tokenizer.json. Loading weights: 0%| | 0/201 [00:00<?, ?it/s] Loading weights: 100%|██████████| 201/201 [00:00<00:00, 7717.32it/s] 02:53:55 - dnallm.utils.support - INFO - Using device: cuda
family=marimo
variant=example/marimo/inference/inference_demo.py (flavor A export-html, flavor B script-mode)
export_s=40.0
flavor_a_exit=0
artifact_bytes=90904
script_s=10.0
flavor_b_exit=0
flavor_b_timed_out=False
ports_bound=none
load_s=0.0
forward_s=0.0
peak_vram_gb=0.00
disk_gb=0.00
result=OK

MARIMO_EXIT=0
